Microchip MPLAB XC8 Compiler V1.43 ()

Linker command line:

-W-3 --edf=C:\Program Files (x86)\Microchip\xc8\v1.43\dat\en_msgs.txt -cs \
  -h+dist/default/production\Tower.X.production.sym \
  --cmf=dist/default/production\Tower.X.production.cmf -z -Q16F1503 \
  -oC:\Users\Liam\AppData\Local\Temp\sems.2 \
  -Mdist/default/production/Tower.X.production.map -E1 -ver=XC8 \
  -ASTACK=0201Bh-0206fh -pstack=STACK -ACODE=00h-07FFh -ASTRCODE=00h-07FFh \
  -ASTRING=00h-0FFhx8 -ACONST=00h-0FFhx8 -AENTRY=00h-0FFhx8 \
  -ACOMMON=070h-07Fh -ABANK0=020h-06Fh -ABANK1=0A0h-0BFh \
  -ABIGRAM=02000h-0206Fh -ARAM=020h-06Fh,0A0h-0BFh \
  -AABS1=020h-07Fh,0A0h-0BFh -ASFR0=00h-01Fh -ASFR1=080h-09Fh \
  -ASFR2=0100h-016Fh -ASFR3=0180h-01EFh -ASFR4=0200h-026Fh \
  -ASFR5=0280h-02EFh -ASFR6=0300h-036Fh -ASFR7=0380h-03EFh \
  -ASFR8=0400h-046Fh -ASFR9=0480h-04EFh -ASFR10=0500h-056Fh \
  -ASFR11=0580h-05EFh -ASFR12=0600h-066Fh -ASFR13=0680h-06EFh \
  -ASFR14=0700h-076Fh -ASFR15=0780h-07EFh -ASFR16=0800h-086Fh \
  -ASFR17=0880h-08EFh -ASFR18=0900h-096Fh -ASFR19=0980h-09EFh \
  -ASFR20=0A00h-0A6Fh -ASFR21=0A80h-0AEFh -ASFR22=0B00h-0B6Fh \
  -ASFR23=0B80h-0BEFh -ASFR24=0C00h-0C6Fh -ASFR25=0C80h-0CEFh \
  -ASFR26=0D00h-0D6Fh -ASFR27=0D80h-0DEFh -ASFR28=0E00h-0E6Fh \
  -ASFR29=0E80h-0EEFh -ASFR30=0F00h-0F6Fh -ASFR31=0F80h-0FEFh \
  -preset_vec=00h,intentry,init,end_init -ppowerup=CODE -pcinit=CODE \
  -pfunctab=ENTRY -ACONFIG=08007h-08008h -pconfig=CONFIG -DCONFIG=2 \
  -AIDLOC=08000h-08003h -pidloc=IDLOC -DIDLOC=2 -DCODE=2 -DSTRCODE=2 \
  -DSTRING=2 -DCONST=2 -DENTRY=2 -k \
  C:\Users\Liam\AppData\Local\Temp\sems.obj \
  dist/default/production\Tower.X.production.obj 

Object code version is 3.11

Machine type is 16F1503



                Name                               Link     Load   Length Selector   Space Scale
C:\Users\Liam\AppData\Local\Temp\sems.obj
                end_init                              1        1        1        0       0
                reset_vec                             0        0        1        0       0
                config                             8007     8007        2    1000E       0
dist/default/production\Tower.X.production.obj
                cinit                               7FE      7FE        2      FFC       0
                text11                              656      656       11      CAC       0
                text10                              61A      61A        E      C34       0
                text9                               646      646       10      C8C       0
                text8                               628      628        F      C50       0
                text7                               667      667       1B      CCE       0
                text6                               6E3      6E3       5D      DC6       0
                text5                               607      607        3      C0E       0
                text4                               740      740       5D      E80       0
                text3                               682      682       20      D04       0
                text2                               637      637        F      C6E       0
                text1                               6A2      6A2       41      D44       0
                maintext                            79D      79D       61      F3A       0
                cstackBANK0                          20       20       1B       20       1
                cstackCOMMON                         70       70        E       70       1
                stringtext7                         602      602        1      C04       0
                stringtext6                         603      603        1      C06       0
                stringtext5                         604      604        1      C08       0
                stringtext4                         605      605        2      C0A       0
                stringtext3                         60A      60A        4      C14       0
                stringtext2                         60E      60E        6      C1C       0
                stringtext1                         614      614        6      C28       0

TOTAL           Name                               Link     Load   Length     Space
        CLASS   STACK          

        CLASS   CODE           
                end_init                              1        1        1         0
                cinit                               7FE      7FE        2         0
                reset_vec                             0        0        1         0
                text11                              656      656       11         0
                text10                              61A      61A        E         0
                text9                               646      646       10         0
                text8                               628      628        F         0
                text7                               667      667       1B         0
                text6                               6E3      6E3       5D         0
                text5                               607      607        3         0
                text4                               740      740       5D         0
                text3                               682      682       20         0
                text2                               637      637        F         0
                text1                               6A2      6A2       41         0
                maintext                            79D      79D       61         0

        CLASS   STRCODE        
                stringtext7                         602      602        1         0
                stringtext6                         603      603        1         0
                stringtext5                         604      604        1         0
                stringtext4                         605      605        2         0
                stringtext3                         60A      60A        4         0
                stringtext2                         60E      60E        6         0
                stringtext1                         614      614        6         0

        CLASS   STRING         

        CLASS   CONST          

        CLASS   ENTRY          

        CLASS   COMMON         
                cstackCOMMON                         70       70        E         1

        CLASS   BANK0          
                cstackBANK0                          20       20       1B         1

        CLASS   BANK1          

        CLASS   BIGRAM         

        CLASS   RAM            

        CLASS   ABS1           
                abs_s1                               7E       7E        2         1

        CLASS   SFR0           

        CLASS   SFR1           

        CLASS   SFR2           

        CLASS   SFR3           

        CLASS   SFR4           

        CLASS   SFR5           

        CLASS   SFR6           

        CLASS   SFR7           

        CLASS   SFR8           

        CLASS   SFR9           

        CLASS   SFR10          

        CLASS   SFR11          

        CLASS   SFR12          

        CLASS   SFR13          

        CLASS   SFR14          

        CLASS   SFR15          

        CLASS   SFR16          

        CLASS   SFR17          

        CLASS   SFR18          

        CLASS   SFR19          

        CLASS   SFR20          

        CLASS   SFR21          

        CLASS   SFR22          

        CLASS   SFR23          

        CLASS   SFR24          

        CLASS   SFR25          

        CLASS   SFR26          

        CLASS   SFR27          

        CLASS   SFR28          

        CLASS   SFR29          

        CLASS   SFR30          

        CLASS   SFR31          

        CLASS   CONFIG         
                config                             8007     8007        2         0

        CLASS   IDLOC          

        CLASS   BANK31         

        CLASS   BANK30         

        CLASS   BANK29         

        CLASS   BANK28         

        CLASS   BANK27         

        CLASS   BANK26         

        CLASS   BANK25         

        CLASS   BANK24         

        CLASS   BANK23         

        CLASS   BANK22         

        CLASS   BANK21         

        CLASS   BANK20         

        CLASS   BANK19         

        CLASS   BANK18         

        CLASS   BANK17         

        CLASS   BANK16         

        CLASS   BANK15         

        CLASS   BANK14         

        CLASS   BANK13         

        CLASS   BANK12         

        CLASS   BANK11         

        CLASS   BANK10         

        CLASS   BANK9          

        CLASS   BANK8          

        CLASS   BANK7          

        CLASS   BANK6          

        CLASS   BANK5          

        CLASS   BANK4          

        CLASS   BANK3          

        CLASS   BANK2          

        CLASS   EEDATA         



SEGMENTS        Name                           Load    Length   Top    Selector   Space  Class     Delta

                reset_vec                      000000  000002  000002         0       0  CODE        2
                cstackBANK0                    000020  00001B  00003B        20       1  BANK0       1
                cstackCOMMON                   000070  00000E  00007E        70       1  COMMON      1
                stringtext7                    000602  000001  000603       C04       0  STRCODE     2
                stringtext6                    000603  000001  000604       C06       0  STRCODE     2
                stringtext5                    000604  000001  000605       C08       0  STRCODE     2
                stringtext4                    000605  000002  000607       C0A       0  STRCODE     2
                text5                          000607  000003  00060A       C0E       0  CODE        2
                stringtext3                    00060A  000004  00060E       C14       0  STRCODE     2
                stringtext2                    00060E  000006  000614       C1C       0  STRCODE     2
                stringtext1                    000614  000006  00061A       C28       0  STRCODE     2
                text10                         00061A  00000E  000628       C34       0  CODE        2
                text8                          000628  00000F  000637       C50       0  CODE        2
                text2                          000637  00000F  000646       C6E       0  CODE        2
                text9                          000646  000010  000656       C8C       0  CODE        2
                text11                         000656  000011  000667       CAC       0  CODE        2
                text7                          000667  00001B  000682       CCE       0  CODE        2
                text3                          000682  000020  0006A2       D04       0  CODE        2
                text1                          0006A2  000041  0006E3       D44       0  CODE        2
                text6                          0006E3  00005D  000740       DC6       0  CODE        2
                text4                          000740  00005D  00079D       E80       0  CODE        2
                maintext                       00079D  000061  0007FE       F3A       0  CODE        2
                cinit                          0007FE  000002  000800       FFC       0  CODE        2
                config                         008007  000002  008009     1000E       0  CONFIG      2


UNUSED ADDRESS RANGES

        Name                Unused          Largest block    Delta
        BANK0            0003B-0006F              35           1
        BANK1            000A0-000BF              20           1
        BIGRAM           02000-0206F              70           1
        CODE             00002-00601             600           2
        CONST            00002-00601             100           2
        ENTRY            00002-00601             100           2
        IDLOC            08000-08003               4           2
        RAM              0003B-0006F              35           1
                         000A0-000BF              20
        SFR0             00000-0001F              20           1
        SFR1             00080-0009F              20           1
        SFR10            00500-0056F              70           1
        SFR11            00580-005EF              70           1
        SFR12            00600-0066F              70           1
        SFR13            00680-006EF              70           1
        SFR14            00700-0076F              70           1
        SFR15            00780-007EF              70           1
        SFR16            00800-0086F              70           1
        SFR17            00880-008EF              70           1
        SFR18            00900-0096F              70           1
        SFR19            00980-009EF              70           1
        SFR2             00100-0016F              70           1
        SFR20            00A00-00A6F              70           1
        SFR21            00A80-00AEF              70           1
        SFR22            00B00-00B6F              70           1
        SFR23            00B80-00BEF              70           1
        SFR24            00C00-00C6F              70           1
        SFR25            00C80-00CEF              70           1
        SFR26            00D00-00D6F              70           1
        SFR27            00D80-00DEF              70           1
        SFR28            00E00-00E6F              70           1
        SFR29            00E80-00EEF              70           1
        SFR3             00180-001EF              70           1
        SFR30            00F00-00F6F              70           1
        SFR31            00F80-00FEF              70           1
        SFR4             00200-0026F              70           1
        SFR5             00280-002EF              70           1
        SFR6             00300-0036F              70           1
        SFR7             00380-003EF              70           1
        SFR8             00400-0046F              70           1
        SFR9             00480-004EF              70           1
        STACK            0201B-0206F              55           1
        STRCODE          00002-00601             600           2
        STRING           00002-00601             100           2

                                  Symbol Table

SPI_read_byte@address       cstackCOMMON 00074
SPI_read_byte@ret           cstackCOMMON 00075
SPI_writeArray@data         cstackCOMMON 00078
SPI_writeArray@i            cstackCOMMON 00077
SPI_writeArray@length       cstackCOMMON 00073
SPI_writeArray@ret          cstackCOMMON 00076
SPI_write_byte@data         cstackCOMMON 00071
SPI_write_byte@ret_data     cstackCOMMON 00072
_ANSELA                     (abs)        0018C
_ANSELC                     (abs)        0018E
_APFCON                     (abs)        0011D
_LATAbits                   (abs)        0010C
_LATCbits                   (abs)        0010E
_OPTION_REGbits             (abs)        00095
_OSCCONbits                 (abs)        00099
_PIR1bits                   (abs)        00011
_PORTAbits                  (abs)        0000C
_RX_PW_P                    stringtext1  00614
_SPI_init                   text10       0061A
_SPI_read_byte              text8        00628
_SPI_writeArray             text7        00667
_SPI_write_byte             text9        00646
_SSP1BUF                    (abs)        00211
_SSP1CON1bits               (abs)        00215
_SSP1STATbits               (abs)        00214
_START_TIMING               stringtext5  00604
_TOWER_ID                   stringtext6  00603
_TRISAbits                  (abs)        0008C
_TRISCbits                  (abs)        0008E
_WPUAbits                   (abs)        0020C
__CFG_BOREN$OFF             (abs)        00000
__CFG_BORV$LO               (abs)        00000
__CFG_CLKOUTEN$OFF          (abs)        00000
__CFG_CP$OFF                (abs)        00000
__CFG_FOSC$INTOSC           (abs)        00000
__CFG_LPBOR$OFF             (abs)        00000
__CFG_LVP$ON                (abs)        00000
__CFG_MCLRE$ON              (abs)        00000
__CFG_PWRTE$OFF             (abs)        00000
__CFG_STVREN$ON             (abs)        00000
__CFG_WDTE$OFF              (abs)        00000
__CFG_WRT$OFF               (abs)        00000
__Habs1                     abs1         00000
__Hbank0                    bank0        00000
__Hbank1                    bank1        00000
__Hbank10                   bank10       00000
__Hbank11                   bank11       00000
__Hbank12                   bank12       00000
__Hbank13                   bank13       00000
__Hbank14                   bank14       00000
__Hbank15                   bank15       00000
__Hbank16                   bank16       00000
__Hbank17                   bank17       00000
__Hbank18                   bank18       00000
__Hbank19                   bank19       00000
__Hbank2                    bank2        00000
__Hbank20                   bank20       00000
__Hbank21                   bank21       00000
__Hbank22                   bank22       00000
__Hbank23                   bank23       00000
__Hbank24                   bank24       00000
__Hbank25                   bank25       00000
__Hbank26                   bank26       00000
__Hbank27                   bank27       00000
__Hbank28                   bank28       00000
__Hbank29                   bank29       00000
__Hbank3                    bank3        00000
__Hbank30                   bank30       00000
__Hbank31                   bank31       00000
__Hbank4                    bank4        00000
__Hbank5                    bank5        00000
__Hbank6                    bank6        00000
__Hbank7                    bank7        00000
__Hbank8                    bank8        00000
__Hbank9                    bank9        00000
__Hbigram                   bigram       00000
__Hcinit                    cinit        00800
__Hclrtext                  clrtext      00000
__Hcode                     code         00000
__Hcommon                   common       00000
__Hconfig                   config       08009
__HcstackBANK0              cstackBANK0  00000
__HcstackCOMMON             cstackCOMMON 00000
__Heeprom_data              eeprom_data  00000
__Hend_init                 end_init     00002
__Hfunctab                  functab      00000
__Hidloc                    idloc        00000
__Hinit                     init         00001
__Hintentry                 intentry     00001
__Hmaintext                 maintext     00000
__Hpowerup                  powerup      00000
__Hram                      ram          00000
__Hreset_vec                reset_vec    00001
__Hsfr0                     sfr0         00000
__Hsfr1                     sfr1         00000
__Hsfr10                    sfr10        00000
__Hsfr11                    sfr11        00000
__Hsfr12                    sfr12        00000
__Hsfr13                    sfr13        00000
__Hsfr14                    sfr14        00000
__Hsfr15                    sfr15        00000
__Hsfr16                    sfr16        00000
__Hsfr17                    sfr17        00000
__Hsfr18                    sfr18        00000
__Hsfr19                    sfr19        00000
__Hsfr2                     sfr2         00000
__Hsfr20                    sfr20        00000
__Hsfr21                    sfr21        00000
__Hsfr22                    sfr22        00000
__Hsfr23                    sfr23        00000
__Hsfr24                    sfr24        00000
__Hsfr25                    sfr25        00000
__Hsfr26                    sfr26        00000
__Hsfr27                    sfr27        00000
__Hsfr28                    sfr28        00000
__Hsfr29                    sfr29        00000
__Hsfr3                     sfr3         00000
__Hsfr30                    sfr30        00000
__Hsfr31                    sfr31        00000
__Hsfr4                     sfr4         00000
__Hsfr5                     sfr5         00000
__Hsfr6                     sfr6         00000
__Hsfr7                     sfr7         00000
__Hsfr8                     sfr8         00000
__Hsfr9                     sfr9         00000
__Hspace_0                  (abs)        08009
__Hspace_1                  (abs)        0007E
__Hspace_2                  (abs)        00000
__Hspace_3                  (abs)        00000
__Hstack                    stack        00000
__Hstrings                  strings      00000
__Hstringtext1              stringtext1  00000
__Hstringtext2              stringtext2  00000
__Hstringtext3              stringtext3  00000
__Hstringtext4              stringtext4  00000
__Hstringtext5              stringtext5  00000
__Hstringtext6              stringtext6  00000
__Hstringtext7              stringtext7  00000
__Htext                     text         00000
__Labs1                     abs1         00000
__Lbank0                    bank0        00000
__Lbank1                    bank1        00000
__Lbank10                   bank10       00000
__Lbank11                   bank11       00000
__Lbank12                   bank12       00000
__Lbank13                   bank13       00000
__Lbank14                   bank14       00000
__Lbank15                   bank15       00000
__Lbank16                   bank16       00000
__Lbank17                   bank17       00000
__Lbank18                   bank18       00000
__Lbank19                   bank19       00000
__Lbank2                    bank2        00000
__Lbank20                   bank20       00000
__Lbank21                   bank21       00000
__Lbank22                   bank22       00000
__Lbank23                   bank23       00000
__Lbank24                   bank24       00000
__Lbank25                   bank25       00000
__Lbank26                   bank26       00000
__Lbank27                   bank27       00000
__Lbank28                   bank28       00000
__Lbank29                   bank29       00000
__Lbank3                    bank3        00000
__Lbank30                   bank30       00000
__Lbank31                   bank31       00000
__Lbank4                    bank4        00000
__Lbank5                    bank5        00000
__Lbank6                    bank6        00000
__Lbank7                    bank7        00000
__Lbank8                    bank8        00000
__Lbank9                    bank9        00000
__Lbigram                   bigram       00000
__Lcinit                    cinit        007FE
__Lclrtext                  clrtext      00000
__Lcode                     code         00000
__Lcommon                   common       00000
__Lconfig                   config       08007
__LcstackBANK0              cstackBANK0  00000
__LcstackCOMMON             cstackCOMMON 00000
__Leeprom_data              eeprom_data  00000
__Lend_init                 end_init     00001
__Lfunctab                  functab      00000
__Lidloc                    idloc        00000
__Linit                     init         00001
__Lintentry                 intentry     00001
__Lmaintext                 maintext     00000
__Lpowerup                  powerup      00000
__Lram                      ram          00000
__Lreset_vec                reset_vec    00000
__Lsfr0                     sfr0         00000
__Lsfr1                     sfr1         00000
__Lsfr10                    sfr10        00000
__Lsfr11                    sfr11        00000
__Lsfr12                    sfr12        00000
__Lsfr13                    sfr13        00000
__Lsfr14                    sfr14        00000
__Lsfr15                    sfr15        00000
__Lsfr16                    sfr16        00000
__Lsfr17                    sfr17        00000
__Lsfr18                    sfr18        00000
__Lsfr19                    sfr19        00000
__Lsfr2                     sfr2         00000
__Lsfr20                    sfr20        00000
__Lsfr21                    sfr21        00000
__Lsfr22                    sfr22        00000
__Lsfr23                    sfr23        00000
__Lsfr24                    sfr24        00000
__Lsfr25                    sfr25        00000
__Lsfr26                    sfr26        00000
__Lsfr27                    sfr27        00000
__Lsfr28                    sfr28        00000
__Lsfr29                    sfr29        00000
__Lsfr3                     sfr3         00000
__Lsfr30                    sfr30        00000
__Lsfr31                    sfr31        00000
__Lsfr4                     sfr4         00000
__Lsfr5                     sfr5         00000
__Lsfr6                     sfr6         00000
__Lsfr7                     sfr7         00000
__Lsfr8                     sfr8         00000
__Lsfr9                     sfr9         00000
__Lspace_0                  (abs)        00000
__Lspace_1                  (abs)        00000
__Lspace_2                  (abs)        00000
__Lspace_3                  (abs)        00000
__Lstack                    stack        00000
__Lstrings                  strings      00000
__Lstringtext1              stringtext1  00000
__Lstringtext2              stringtext2  00000
__Lstringtext3              stringtext3  00000
__Lstringtext4              stringtext4  00000
__Lstringtext5              stringtext5  00000
__Lstringtext6              stringtext6  00000
__Lstringtext7              stringtext7  00000
__Ltext                     text         00000
__S0                        (abs)        08009
__S1                        (abs)        0007E
__S2                        (abs)        00000
___int_sp                   stack        00000
___latbits                  (abs)        00000
___sp                       stack        00000
__end_of_MY_ADDRESS         stringtext3  0060E
__end_of_RX_ADDR_P          stringtext2  00614
__end_of_RX_PW_P            stringtext1  0061A
__end_of_SPI_init           text10       00628
__end_of_SPI_read_byte      text8        00637
__end_of_SPI_writeArray     text7        00682
__end_of_SPI_write_byte     text9        00656
__end_of_START_TIMING       stringtext5  00605
__end_of_TIMEOUT            stringtext4  00607
__end_of_TOWER_ID           stringtext6  00604
__end_of_TX_ADDR            stringtext7  00603
__end_of__initialization    cinit        007FE
__end_of_configIO           text11       00667
__end_of_configureRX        text6        00740
__end_of_configureReceiver  text5        0060A
__end_of_configureTX        text4        0079D
__end_of_main               maintext     007FE
__end_of_readData           text3        006A2
__end_of_resetIRQ           text2        00646
__end_of_transmitData       text1        006E3
__initialization            cinit        007FE
__pcstackBANK0              cstackBANK0  00020
__pcstackCOMMON             cstackCOMMON 00070
__pmaintext                 maintext     0079D
__pstringtext1              stringtext1  00614
__pstringtext2              stringtext2  0060E
__pstringtext3              stringtext3  0060A
__pstringtext4              stringtext4  00605
__pstringtext5              stringtext5  00604
__pstringtext6              stringtext6  00603
__pstringtext7              stringtext7  00602
__ptext1                    text1        006A2
__ptext10                   text10       0061A
__ptext11                   text11       00656
__ptext2                    text2        00637
__ptext3                    text3        00682
__ptext4                    text4        00740
__ptext5                    text5        00607
__ptext6                    text6        006E3
__ptext7                    text7        00667
__ptext8                    text8        00628
__ptext9                    text9        00646
__size_of_SPI_init          (abs)        00000
__size_of_SPI_read_byte     (abs)        00000
__size_of_SPI_writeArray    (abs)        00000
__size_of_SPI_write_byte    (abs)        00000
__size_of_configIO          (abs)        00000
__size_of_configureRX       (abs)        00000
__size_of_configureReceiver (abs)        00000
__size_of_configureTX       (abs)        00000
__size_of_main              (abs)        00000
__size_of_readData          (abs)        00000
__size_of_resetIRQ          (abs)        00000
__size_of_transmitData      (abs)        00000
_configIO                   text11       00656
_configureRX                text6        006E3
_configureReceiver          text5        00607
_configureTX                text4        00740
_main                       maintext     0079D
_readData                   text3        00682
_resetIRQ                   text2        00637
_transmitData               text1        006A2
btemp                       (abs)        0007E
configureRX@write           cstackCOMMON 0007A
configureTX@write           cstackCOMMON 0007A
end_of_initialization       cinit        007FE
intlevel0                   functab      00000
intlevel1                   functab      00000
intlevel2                   functab      00000
intlevel3                   functab      00000
intlevel4                   functab      00000
intlevel5                   functab      00000
main@buf                    cstackBANK0  00030
main@distancePacket         cstackBANK0  00036
main@test                   cstackBANK0  00033
main@timeCount              cstackBANK0  00039
readData@buf                cstackCOMMON 00075
readData@i                  cstackCOMMON 00076
resetIRQ@write              cstackCOMMON 0007A
reset_vec                   reset_vec    00000
stackhi                     (abs)        0206F
stacklo                     (abs)        0201B
start                       init         00001
start_initialization        cinit        007FE
transmitData@data           cstackBANK0  0002D
transmitData@i              cstackBANK0  0002F
transmitData@len            cstackCOMMON 0007C
transmitData@sreg           cstackBANK0  0002E
transmitData@write          cstackBANK0  00022
wtemp0                      (abs)        0007E


FUNCTION INFORMATION:

 *************** function _main *****************
 Defined at:
		line 46 in file "main.c"
 Parameters:    Size  Location     Type
		None
 Auto vars:     Size  Location     Type
  distancePack    3   22[BANK0 ] unsigned char [3]
  timeCount       2   25[BANK0 ] int 
  test            3   19[BANK0 ] unsigned char [3]
  buf             3   16[BANK0 ] unsigned char [3]
 Return value:  Size  Location     Type
                  2  106[None  ] int 
 Registers used:
		wreg, fsr0l, fsr0h, fsr1l, fsr1h, status,2, status,0, pclath, cstack
 Tracked objects:
		On entry : 
		On exit  : 
		Unchanged: 
 Data sizes:     COMMON   BANK0   BANK1
      Params:         0       0       0
      Locals:         0      11       0
      Temps:          1       0       0
      Totals:         1      11       0
Total ram usage:       12 bytes
 Hardware stack levels required when called:    4
 This function calls:
		_SPI_init
		_SPI_read_byte
		_configureRX
		_configureReceiver
		_configureTX
		_readData
		_transmitData
 This function is called by:
		Startup code after reset
 This function uses a non-reentrant model


 *************** function _transmitData *****************
 Defined at:
		line 151 in file "main.c"
 Parameters:    Size  Location     Type
  data            1    wreg     PTR unsigned char 
		 -> main@distancePacket(3), 
  len             1   12[COMMON] unsigned char 
 Auto vars:     Size  Location     Type
  data            1   13[BANK0 ] PTR unsigned char 
		 -> main@distancePacket(3), 
  i               1   15[BANK0 ] unsigned char 
  write          11    2[BANK0 ] unsigned char [11]
  sreg            1   14[BANK0 ] unsigned char 
 Return value:  Size  Location     Type
                  2   12[COMMON] int 
 Registers used:
		wreg, fsr1l, fsr1h, status,2, status,0, pclath, cstack
 Tracked objects:
		On entry : 
		On exit  : 
		Unchanged: 
 Data sizes:     COMMON   BANK0   BANK1
      Params:         1       0       0
      Locals:         0      14       0
      Temps:          0       2       0
      Totals:         1      16       0
Total ram usage:       17 bytes
 Hardware stack levels used:    1
 Hardware stack levels required when called:    3
 This function calls:
		_SPI_writeArray
		_SPI_write_byte
		_resetIRQ
 This function is called by:
		_main
 This function uses a non-reentrant model


 *************** function _resetIRQ *****************
 Defined at:
		line 70 in file "spi.c"
 Parameters:    Size  Location     Type
		None
 Auto vars:     Size  Location     Type
  write           2   10[COMMON] unsigned char [2]
 Return value:  Size  Location     Type
                  1    wreg      void 
 Registers used:
		wreg, fsr1l, fsr1h, status,2, status,0, pclath, cstack
 Tracked objects:
		On entry : 
		On exit  : 
		Unchanged: 
 Data sizes:     COMMON   BANK0   BANK1
      Params:         0       0       0
      Locals:         2       0       0
      Temps:          1       0       0
      Totals:         3       0       0
Total ram usage:        3 bytes
 Hardware stack levels used:    1
 Hardware stack levels required when called:    2
 This function calls:
		_SPI_writeArray
 This function is called by:
		_transmitData
 This function uses a non-reentrant model


 *************** function _readData *****************
 Defined at:
		line 179 in file "main.c"
 Parameters:    Size  Location     Type
  buf             1    wreg     PTR unsigned char 
		 -> main@buf(3), 
 Auto vars:     Size  Location     Type
  buf             1    5[COMMON] PTR unsigned char 
		 -> main@buf(3), 
  i               1    6[COMMON] unsigned char 
 Return value:  Size  Location     Type
                  1    wreg      void 
 Registers used:
		wreg, fsr1l, fsr1h, status,2, status,0, pclath, cstack
 Tracked objects:
		On entry : 
		On exit  : 
		Unchanged: 
 Data sizes:     COMMON   BANK0   BANK1
      Params:         0       0       0
      Locals:         2       0       0
      Temps:          2       0       0
      Totals:         4       0       0
Total ram usage:        4 bytes
 Hardware stack levels used:    1
 Hardware stack levels required when called:    1
 This function calls:
		_SPI_write_byte
 This function is called by:
		_main
 This function uses a non-reentrant model


 *************** function _configureTX *****************
 Defined at:
		line 107 in file "main.c"
 Parameters:    Size  Location     Type
		None
 Auto vars:     Size  Location     Type
  write           2   10[COMMON] unsigned char [2]
 Return value:  Size  Location     Type
                  1    wreg      void 
 Registers used:
		wreg, fsr0l, fsr0h, fsr1l, fsr1h, status,2, status,0, pclath, cstack
 Tracked objects:
		On entry : 
		On exit  : 
		Unchanged: 
 Data sizes:     COMMON   BANK0   BANK1
      Params:         0       0       0
      Locals:         2       0       0
      Temps:          1       0       0
      Totals:         3       0       0
Total ram usage:        3 bytes
 Hardware stack levels used:    1
 Hardware stack levels required when called:    2
 This function calls:
		_SPI_writeArray
 This function is called by:
		_main
 This function uses a non-reentrant model


 *************** function _configureReceiver *****************
 Defined at:
		line 175 in file "main.c"
 Parameters:    Size  Location     Type
		None
 Auto vars:     Size  Location     Type
		None
 Return value:  Size  Location     Type
                  1    wreg      void 
 Registers used:
		None
 Tracked objects:
		On entry : 
		On exit  : 
		Unchanged: 
 Data sizes:     COMMON   BANK0   BANK1
      Params:         0       0       0
      Locals:         0       0       0
      Temps:          0       0       0
      Totals:         0       0       0
Total ram usage:        0 bytes
 Hardware stack levels used:    1
 This function calls:
		Nothing
 This function is called by:
		_main
 This function uses a non-reentrant model


 *************** function _configureRX *****************
 Defined at:
		line 188 in file "main.c"
 Parameters:    Size  Location     Type
		None
 Auto vars:     Size  Location     Type
  write           2   10[COMMON] unsigned char [2]
 Return value:  Size  Location     Type
                  1    wreg      void 
 Registers used:
		wreg, fsr0l, fsr0h, fsr1l, fsr1h, status,2, status,0, pclath, cstack
 Tracked objects:
		On entry : 
		On exit  : 
		Unchanged: 
 Data sizes:     COMMON   BANK0   BANK1
      Params:         0       0       0
      Locals:         2       0       0
      Temps:          1       0       0
      Totals:         3       0       0
Total ram usage:        3 bytes
 Hardware stack levels used:    1
 Hardware stack levels required when called:    2
 This function calls:
		_SPI_writeArray
 This function is called by:
		_main
 This function uses a non-reentrant model


 *************** function _SPI_writeArray *****************
 Defined at:
		line 51 in file "spi.c"
 Parameters:    Size  Location     Type
  data            1    wreg     PTR unsigned char 
		 -> configureRX@write(2), transmitData@write(11), configureTX@write(2), resetIRQ@write(2), 
  length          1    3[COMMON] unsigned char 
 Auto vars:     Size  Location     Type
  data            1    8[COMMON] PTR unsigned char 
		 -> configureRX@write(2), transmitData@write(11), configureTX@write(2), resetIRQ@write(2), 
  i               1    7[COMMON] unsigned char 
  ret             1    6[COMMON] unsigned char 
 Return value:  Size  Location     Type
                  1    wreg      unsigned char 
 Registers used:
		wreg, fsr1l, fsr1h, status,2, status,0, pclath, cstack
 Tracked objects:
		On entry : 
		On exit  : 
		Unchanged: 
 Data sizes:     COMMON   BANK0   BANK1
      Params:         1       0       0
      Locals:         3       0       0
      Temps:          2       0       0
      Totals:         6       0       0
Total ram usage:        6 bytes
 Hardware stack levels used:    1
 Hardware stack levels required when called:    1
 This function calls:
		_SPI_write_byte
 This function is called by:
		_resetIRQ
		_configureTX
		_transmitData
		_configureRX
 This function uses a non-reentrant model


 *************** function _SPI_read_byte *****************
 Defined at:
		line 62 in file "spi.c"
 Parameters:    Size  Location     Type
  address         1    wreg     unsigned char 
 Auto vars:     Size  Location     Type
  address         1    4[COMMON] unsigned char 
  ret             1    5[COMMON] unsigned char 
 Return value:  Size  Location     Type
                  1    wreg      unsigned char 
 Registers used:
		wreg, status,2, status,0, pclath, cstack
 Tracked objects:
		On entry : 
		On exit  : 
		Unchanged: 
 Data sizes:     COMMON   BANK0   BANK1
      Params:         0       0       0
      Locals:         2       0       0
      Temps:          1       0       0
      Totals:         3       0       0
Total ram usage:        3 bytes
 Hardware stack levels used:    1
 Hardware stack levels required when called:    1
 This function calls:
		_SPI_write_byte
 This function is called by:
		_main
 This function uses a non-reentrant model


 *************** function _SPI_write_byte *****************
 Defined at:
		line 43 in file "spi.c"
 Parameters:    Size  Location     Type
  data            1    wreg     unsigned char 
 Auto vars:     Size  Location     Type
  data            1    1[COMMON] unsigned char 
  ret_data        1    2[COMMON] unsigned char 
 Return value:  Size  Location     Type
                  1    wreg      unsigned char 
 Registers used:
		wreg
 Tracked objects:
		On entry : 
		On exit  : 
		Unchanged: 
 Data sizes:     COMMON   BANK0   BANK1
      Params:         0       0       0
      Locals:         2       0       0
      Temps:          1       0       0
      Totals:         3       0       0
Total ram usage:        3 bytes
 Hardware stack levels used:    1
 This function calls:
		Nothing
 This function is called by:
		_SPI_writeArray
		_SPI_read_byte
		_transmitData
		_readData
 This function uses a non-reentrant model


 *************** function _SPI_init *****************
 Defined at:
		line 32 in file "spi.c"
 Parameters:    Size  Location     Type
		None
 Auto vars:     Size  Location     Type
		None
 Return value:  Size  Location     Type
                  1    wreg      void 
 Registers used:
		wreg, status,2, status,0, pclath, cstack
 Tracked objects:
		On entry : 
		On exit  : 
		Unchanged: 
 Data sizes:     COMMON   BANK0   BANK1
      Params:         0       0       0
      Locals:         0       0       0
      Temps:          0       0       0
      Totals:         0       0       0
Total ram usage:        0 bytes
 Hardware stack levels used:    1
 Hardware stack levels required when called:    1
 This function calls:
		_configIO
 This function is called by:
		_main
 This function uses a non-reentrant model


 *************** function _configIO *****************
 Defined at:
		line 18 in file "spi.c"
 Parameters:    Size  Location     Type
		None
 Auto vars:     Size  Location     Type
		None
 Return value:  Size  Location     Type
                  1    wreg      void 
 Registers used:
		wreg, status,2
 Tracked objects:
		On entry : 
		On exit  : 
		Unchanged: 
 Data sizes:     COMMON   BANK0   BANK1
      Params:         0       0       0
      Locals:         0       0       0
      Temps:          0       0       0
      Totals:         0       0       0
Total ram usage:        0 bytes
 Hardware stack levels used:    1
 This function calls:
		Nothing
 This function is called by:
		_SPI_init
 This function uses a non-reentrant model



MODULE INFORMATION

Module		Function		Class		Link	Load	Size
spi.c
		_SPI_init      		CODE           	061A	0000	15
		_SPI_write_byte		CODE           	0646	0000	17
		_SPI_writeArray		CODE           	0667	0000	28
		_SPI_read_byte 		CODE           	0628	0000	16
		_resetIRQ      		CODE           	0637	0000	16
		_configIO      		CODE           	0656	0000	18

spi.c estimated size: 110

shared
		_RX_ADDR_P     		STRCODE        	0000	0000	0
		_TX_ADDR       		STRCODE        	0000	0000	0
		_TOWER_ID      		STRCODE        	0603	0000	2
		_TIMEOUT       		STRCODE        	0000	0000	0
		_RX_PW_P       		STRCODE        	0614	0000	7
		__initialization		CODE           	07FE	0000	1
		_START_TIMING  		STRCODE        	0604	0000	2
		_MY_ADDRESS    		STRCODE        	0000	0000	0

shared estimated size: 12

main.c
		_configureRX   		CODE           	06E3	0000	94
		_configureTX   		CODE           	0740	0000	94
		_readData      		CODE           	0682	0000	33
		_main          		CODE           	079D	0000	98
		_configureReceiver		CODE           	0607	0000	4
		_transmitData  		CODE           	06A2	0000	66

main.c estimated size: 389

